// Jest Snapshot v1, https://goo.gl/fbAQLP

exports[`Explorer Rail should render the component 1`] = `<!---->`;
